2015-01-16T00:05:52.855+0800: 35707.571: [GC [PSYoungGen: 571290K->97609K(579072K)] 2414318K->1941153K(3992576K), 0.0752550 secs] [Times: user=0.60 sys=0.07, real=0.08 secs] 
2015-01-16T00:10:30.944+0800: 35985.659: [GC [PSYoungGen: 572745K->100999K(578560K)] 2416289K->1945371K(3992064K), 0.0844160 secs] [Times: user=0.56 sys=0.13, real=0.08 secs] 
2015-01-16T00:15:36.072+0800: 36290.787: [GC [PSYoungGen: 576135K->102310K(577536K)] 2420507K->1947725K(3991040K), 0.1116810 secs] [Times: user=0.45 sys=0.15, real=0.11 secs] 
2015-01-16T00:21:47.964+0800: 36662.680: [GC [PSYoungGen: 577446K->103126K(576000K)] 2422861K->1949414K(3989504K), 0.0695370 secs] [Times: user=0.50 sys=0.06, real=0.07 secs] 
2015-01-16T00:28:46.429+0800: 37081.145: [GC [PSYoungGen: 574166K->95741K(577024K)] 2420454K->1942894K(3990528K), 0.0720590 secs] [Times: user=0.56 sys=0.01, real=0.07 secs] 
2015-01-16T00:35:30.466+0800: 37485.182: [GC [PSYoungGen: 566781K->98750K(578048K)] 2413934K->1946650K(3991552K), 0.0691500 secs] [Times: user=0.58 sys=0.00, real=0.07 secs] 
2015-01-16T00:41:22.690+0800: 37837.405: [GC [PSYoungGen: 570814K->98815K(577024K)] 2418714K->1947709K(3990528K), 0.0720150 secs] [Times: user=0.55 sys=0.02, real=0.07 secs] 
2015-01-16T00:49:17.879+0800: 38312.595: [GC [PSYoungGen: 570879K->98229K(579072K)] 2419773K->1947859K(3992576K), 0.0627020 secs] [Times: user=0.42 sys=0.00, real=0.07 secs] 
2015-01-16T00:57:09.214+0800: 38783.930: [GC [PSYoungGen: 572853K->97581K(578560K)] 2422483K->1948212K(3992064K), 0.0700350 secs] [Times: user=0.44 sys=0.14, real=0.07 secs] 
2015-01-16T01:04:01.815+0800: 39196.531: [GC [PSYoungGen: 572205K->101609K(578048K)] 2422836K->1953003K(3991552K), 0.0674440 secs] [Times: user=0.47 sys=0.10, real=0.07 secs] 
2015-01-16T01:17:02.229+0800: 39976.945: [GC [PSYoungGen: 575721K->96981K(578560K)] 2427115K->1949857K(3992064K), 0.0945710 secs] [Times: user=0.54 sys=0.07, real=0.09 secs] 
2015-01-16T01:30:16.242+0800: 40770.958: [GC [PSYoungGen: 571093K->98835K(579072K)] 2423969K->1952604K(3992576K), 0.0736730 secs] [Times: user=0.54 sys=0.02, real=0.07 secs] 
2015-01-16T01:41:48.488+0800: 41463.203: [GC [PSYoungGen: 573459K->98836K(578560K)] 2427228K->1953262K(3992064K), 0.0663880 secs] [Times: user=0.57 sys=0.00, real=0.07 secs] 
2015-01-16T01:56:48.274+0800: 42362.990: [GC [PSYoungGen: 573460K->103414K(575488K)] 2427886K->1959869K(3988992K), 0.0717920 secs] [Times: user=0.56 sys=0.01, real=0.07 secs] 
2015-01-16T02:13:11.721+0800: 43346.437: [GC [PSYoungGen: 575478K->92930K(565248K)] 2431933K->1956794K(3978752K), 0.0636450 secs] [Times: user=0.40 sys=0.00, real=0.06 secs] 
2015-01-16T02:30:36.455+0800: 44391.170: [GC [PSYoungGen: 564994K->93262K(577024K)] 2428858K->1957998K(3990528K), 0.0784990 secs] [Times: user=0.64 sys=0.20, real=0.08 secs] 
2015-01-16T02:53:49.421+0800: 45784.137: [GC [PSYoungGen: 564302K->90637K(562176K)] 2429038K->1956135K(3975680K), 0.0755640 secs] [Times: user=0.54 sys=0.05, real=0.08 secs] 
2015-01-16T03:12:32.072+0800: 46906.787: [GC [PSYoungGen: 561677K->92978K(576512K)] 2427175K->1959408K(3990016K), 0.0672740 secs] [Times: user=0.52 sys=0.05, real=0.06 secs] 
2015-01-16T03:33:41.992+0800: 48176.708: [GC [PSYoungGen: 562994K->99143K(576512K)] 2429424K->1966331K(3990016K), 0.0693240 secs] [Times: user=0.51 sys=0.03, real=0.07 secs] 
2015-01-16T03:59:01.618+0800: 49696.334: [GC [PSYoungGen: 569159K->88643K(575488K)] 2436347K->1956613K(3988992K), 0.0740450 secs] [Times: user=0.31 sys=0.28, real=0.08 secs] 
2015-01-16T04:23:04.266+0800: 51138.982: [GC [PSYoungGen: 557635K->94655K(576000K)] 2425605K->1963662K(3989504K), 0.0750320 secs] [Times: user=0.55 sys=0.01, real=0.08 secs] 
2015-01-16T04:44:21.786+0800: 52416.502: [GC [PSYoungGen: 563647K->94995K(577536K)] 2432654K->1965088K(3991040K), 0.0822840 secs] [Times: user=0.57 sys=0.22, real=0.08 secs] 
2015-01-16T05:04:58.282+0800: 53652.998: [GC [PSYoungGen: 566035K->94301K(576512K)] 2436128K->1965176K(3990016K), 0.0629610 secs] [Times: user=0.39 sys=0.03, real=0.06 secs] 
2015-01-16T05:29:19.738+0800: 55114.454: [GC [PSYoungGen: 565341K->93837K(578560K)] 2436216K->1965593K(3992064K), 0.0813550 secs] [Times: user=0.56 sys=0.23, real=0.08 secs] 
2015-01-16T05:47:01.251+0800: 56175.967: [GC [PSYoungGen: 567437K->98745K(578048K)] 2439193K->1971515K(3991552K), 0.0677940 secs] [Times: user=0.41 sys=0.06, real=0.06 secs] 
2015-01-16T06:01:16.790+0800: 57031.505: [GC [PSYoungGen: 572345K->94992K(579072K)] 2445115K->1968546K(3992576K), 0.0698770 secs] [Times: user=0.52 sys=0.04, real=0.06 secs] 
2015-01-16T06:08:05.711+0800: 57440.426: [GC [PSYoungGen: 569616K->96715K(578560K)] 2443170K->1971108K(3992064K), 0.0539580 secs] [Times: user=0.37 sys=0.02, real=0.05 secs] 
2015-01-16T06:20:29.391+0800: 58184.107: [GC [PSYoungGen: 571339K->97051K(580096K)] 2445732K->1972008K(3993600K), 0.0971960 secs] [Times: user=0.62 sys=0.35, real=0.09 secs] 
2015-01-16T06:29:45.413+0800: 58740.129: [GC [PSYoungGen: 573723K->101028K(578048K)] 2448680K->1976630K(3991552K), 0.0648530 secs] [Times: user=0.35 sys=0.06, real=0.06 secs] 
2015-01-16T06:37:25.665+0800: 59200.380: [GC [PSYoungGen: 577700K->104432K(573440K)] 2453302K->1981300K(3986944K), 0.0705450 secs] [Times: user=0.47 sys=0.07, real=0.07 secs] 
2015-01-16T06:47:27.368+0800: 59802.084: [GC [PSYoungGen: 573424K->97828K(576000K)] 2450292K->1975477K(3989504K), 0.0658690 secs] [Times: user=0.45 sys=0.00, real=0.07 secs] 
2015-01-16T06:57:23.418+0800: 60398.133: [GC [PSYoungGen: 566820K->103270K(573952K)] 2444469K->1981911K(3987456K), 0.0712650 secs] [Times: user=0.52 sys=0.01, real=0.08 secs] 
2015-01-16T07:05:20.218+0800: 60874.933: [GC [PSYoungGen: 571238K->93879K(575488K)] 2449879K->1973487K(3988992K), 0.0862500 secs] [Times: user=0.57 sys=0.25, real=0.09 secs] 
2015-01-16T07:12:51.292+0800: 61326.008: [GC [PSYoungGen: 561847K->95028K(576000K)] 2441455K->1975348K(3989504K), 0.0713680 secs] [Times: user=0.49 sys=0.06, real=0.07 secs] 
2015-01-16T07:18:30.237+0800: 61664.953: [GC [PSYoungGen: 564020K->95494K(576000K)] 2444340K->1976681K(3989504K), 0.0616790 secs] [Times: user=0.43 sys=0.01, real=0.06 secs] 
2015-01-16T07:25:32.421+0800: 62087.136: [GC [PSYoungGen: 564486K->98339K(577536K)] 2445673K->1980152K(3991040K), 0.0620920 secs] [Times: user=0.43 sys=0.00, real=0.07 secs] 
2015-01-16T07:31:42.159+0800: 62456.875: [GC [PSYoungGen: 569891K->99847K(577024K)] 2451704K->1983425K(3990528K), 0.0700520 secs] [Times: user=0.50 sys=0.06, real=0.08 secs] 
2015-01-16T07:35:56.358+0800: 62711.073: [GC [PSYoungGen: 571399K->105109K(572928K)] 2454977K->1990768K(3986432K), 0.0801340 secs] [Times: user=0.60 sys=0.16, real=0.08 secs] 
2015-01-16T07:41:47.262+0800: 63061.978: [GC [PSYoungGen: 572053K->95757K(574976K)] 2457712K->1983359K(3988480K), 0.0722830 secs] [Times: user=0.38 sys=0.11, real=0.07 secs] 
2015-01-16T07:46:54.531+0800: 63369.247: [GC [PSYoungGen: 562701K->99005K(576000K)] 2450303K->1995058K(3989504K), 0.0688710 secs] [Times: user=0.39 sys=0.08, real=0.06 secs] 
2015-01-16T07:52:28.940+0800: 63703.655: [GC [PSYoungGen: 567485K->98105K(575488K)] 2463538K->1994836K(3988992K), 0.0712000 secs] [Times: user=0.50 sys=0.07, real=0.08 secs] 
2015-01-16T07:56:52.652+0800: 63967.368: [GC [PSYoungGen: 566585K->96938K(577536K)] 2463316K->1995827K(3991040K), 0.0603420 secs] [Times: user=0.44 sys=0.00, real=0.06 secs] 
2015-01-16T08:01:06.248+0800: 64220.964: [GC [PSYoungGen: 568490K->100338K(577024K)] 2467379K->2000074K(3990528K), 0.0660540 secs] [Times: user=0.55 sys=0.00, real=0.07 secs] 
2015-01-16T08:06:24.016+0800: 64538.732: [GC [PSYoungGen: 571890K->93074K(576512K)] 2471626K->1993369K(3990016K), 0.0796160 secs] [Times: user=0.53 sys=0.25, real=0.08 secs] 
2015-01-16T08:11:02.284+0800: 64817.000: [GC [PSYoungGen: 564114K->102451K(573952K)] 2464409K->2003518K(3987456K), 0.0717230 secs] [Times: user=0.55 sys=0.00, real=0.07 secs] 
2015-01-16T08:14:02.034+0800: 64996.750: [GC [PSYoungGen: 573491K->93152K(576512K)] 2474558K->1995113K(3990016K), 0.0629200 secs] [Times: user=0.41 sys=0.08, real=0.06 secs] 
2015-01-16T08:18:05.976+0800: 65240.692: [GC [PSYoungGen: 563168K->97921K(576512K)] 2465129K->2000780K(3990016K), 0.0621580 secs] [Times: user=0.45 sys=0.00, real=0.06 secs] 
2015-01-16T08:20:24.019+0800: 65378.735: [GC [PSYoungGen: 567937K->101821K(576000K)] 2470796K->2005372K(3989504K), 0.0619480 secs] [Times: user=0.42 sys=0.00, real=0.07 secs] 
2015-01-16T08:20:44.720+0800: 65399.435: [GC [PSYoungGen: 571837K->106480K(576512K)] 2475388K->2012793K(3990016K), 0.0624300 secs] [Times: user=0.55 sys=0.00, real=0.07 secs] 
2015-01-16T08:20:59.027+0800: 65413.742: [GC [PSYoungGen: 576496K->101502K(570368K)] 2482809K->2009285K(3983872K), 0.0585970 secs] [Times: user=0.42 sys=0.00, real=0.06 secs] 
2015-01-16T08:21:20.380+0800: 65435.095: [GC [PSYoungGen: 565374K->101381K(573440K)] 2473157K->2010777K(3986944K), 0.0595840 secs] [Times: user=0.54 sys=0.00, real=0.06 secs] 
2015-01-16T08:21:51.441+0800: 65466.157: [GC [PSYoungGen: 565253K->109556K(567296K)] 2474649K->2019942K(3980800K), 0.0599840 secs] [Times: user=0.54 sys=0.00, real=0.06 secs] 
2015-01-16T08:22:08.757+0800: 65483.472: [GC [PSYoungGen: 567284K->109398K(567296K)] 2477670K->2024890K(3980800K), 0.0597310 secs] [Times: user=0.54 sys=0.00, real=0.06 secs] 
2015-01-16T08:23:28.529+0800: 65563.245: [GC [PSYoungGen: 567126K->102668K(569344K)] 2482618K->2019058K(3982848K), 0.0603860 secs] [Times: user=0.54 sys=0.01, real=0.06 secs] 
2015-01-16T08:27:02.979+0800: 65777.694: [GC [PSYoungGen: 557324K->91127K(568320K)] 2473714K->2008429K(3981824K), 0.0619780 secs] [Times: user=0.55 sys=0.00, real=0.06 secs] 
2015-01-16T08:30:06.890+0800: 65961.606: [GC [PSYoungGen: 545783K->91684K(567808K)] 2463085K->2012773K(3981312K), 0.0649340 secs] [Times: user=0.56 sys=0.00, real=0.06 secs] 
2015-01-16T08:32:25.026+0800: 66099.742: [GC [PSYoungGen: 545316K->103171K(568320K)] 2466405K->2024882K(3981824K), 0.0629320 secs] [Times: user=0.57 sys=0.00, real=0.07 secs] 
2015-01-16T08:34:47.175+0800: 66241.890: [GC [PSYoungGen: 556803K->100592K(569856K)] 2478514K->2022741K(3983360K), 0.0600620 secs] [Times: user=0.31 sys=0.07, real=0.06 secs] 
2015-01-16T08:38:43.221+0800: 66477.937: [GC [PSYoungGen: 556272K->97226K(568832K)] 2478421K->2022887K(3982336K), 0.0657800 secs] [Times: user=0.54 sys=0.02, real=0.06 secs] 
2015-01-16T08:41:01.296+0800: 66616.011: [GC [PSYoungGen: 552906K->100176K(571904K)] 2478567K->2027314K(3985408K), 0.0745900 secs] [Times: user=0.55 sys=0.19, real=0.08 secs] 
2015-01-16T08:43:32.360+0800: 66767.076: [GC [PSYoungGen: 559952K->82367K(542208K)] 2487090K->2013636K(3955712K), 0.0617790 secs] [Times: user=0.53 sys=0.00, real=0.07 secs] 
2015-01-16T08:46:50.791+0800: 66965.506: [GC [PSYoungGen: 542143K->91801K(570368K)] 2473412K->2023573K(3983872K), 0.0759150 secs] [Times: user=0.50 sys=0.11, real=0.07 secs] 
2015-01-16T08:50:43.382+0800: 67198.097: [GC [PSYoungGen: 549017K->90661K(569856K)] 2480789K->2023007K(3983360K), 0.0687420 secs] [Times: user=0.42 sys=0.02, real=0.07 secs] 
2015-01-16T08:53:27.980+0800: 67362.696: [GC [PSYoungGen: 547877K->96406K(571904K)] 2480223K->2029335K(3985408K), 0.0681790 secs] [Times: user=0.48 sys=0.06, real=0.07 secs] 
2015-01-16T08:57:00.952+0800: 67575.668: [GC [PSYoungGen: 556182K->94978K(570880K)] 2489111K->2028534K(3984384K), 0.0646780 secs] [Times: user=0.50 sys=0.00, real=0.06 secs] 
2015-01-16T08:59:11.908+0800: 67706.624: [GC [PSYoungGen: 554754K->96330K(574464K)] 2488310K->2030455K(3987968K), 0.0596040 secs] [Times: user=0.38 sys=0.00, real=0.06 secs] 
2015-01-16T09:01:34.533+0800: 67849.249: [GC [PSYoungGen: 560714K->93591K(572928K)] 2494839K->2028229K(3986432K), 0.0679820 secs] [Times: user=0.54 sys=0.01, real=0.07 secs] 
2015-01-16T09:04:16.692+0800: 68011.408: [GC [PSYoungGen: 557975K->103798K(571904K)] 2492613K->2039010K(3985408K), 0.0715680 secs] [Times: user=0.54 sys=0.00, real=0.07 secs] 
2015-01-16T09:07:11.069+0800: 68185.785: [GC [PSYoungGen: 567670K->88954K(573440K)] 2502882K->2024886K(3986944K), 0.0658820 secs] [Times: user=0.55 sys=0.00, real=0.07 secs] 
2015-01-16T09:10:18.521+0800: 68373.237: [GC [PSYoungGen: 552826K->92558K(573952K)] 2488758K->2029215K(3987456K), 0.0679890 secs] [Times: user=0.54 sys=0.00, real=0.07 secs] 
2015-01-16T09:13:28.868+0800: 68563.584: [GC [PSYoungGen: 556942K->95097K(573440K)] 2493599K->2032458K(3986944K), 0.0719670 secs] [Times: user=0.56 sys=0.00, real=0.07 secs] 
2015-01-16T09:15:39.172+0800: 68693.888: [GC [PSYoungGen: 559481K->106138K(569856K)] 2496842K->2044605K(3983360K), 0.0680230 secs] [Times: user=0.56 sys=0.00, real=0.06 secs] 
2015-01-16T09:17:52.455+0800: 68827.171: [GC [PSYoungGen: 567962K->82695K(544768K)] 2506429K->2023220K(3958272K), 0.0683720 secs] [Times: user=0.41 sys=0.29, real=0.07 secs] 
2015-01-16T09:20:17.471+0800: 68972.187: [GC [PSYoungGen: 544519K->94410K(572928K)] 2485044K->2036986K(3986432K), 0.0718230 secs] [Times: user=0.55 sys=0.01, real=0.07 secs] 
2015-01-16T09:23:14.343+0800: 69149.059: [GC [PSYoungGen: 555722K->95156K(571392K)] 2498298K->2038862K(3984896K), 0.0661670 secs] [Times: user=0.56 sys=0.00, real=0.07 secs] 
2015-01-16T09:26:58.523+0800: 69373.238: [GC [PSYoungGen: 556468K->93380K(575488K)] 2500174K->2037781K(3988992K), 0.0718010 secs] [Times: user=0.56 sys=0.00, real=0.07 secs] 
2015-01-16T09:30:04.842+0800: 69559.558: [GC [PSYoungGen: 560324K->101557K(568832K)] 2504725K->2048074K(3982336K), 0.1102320 secs] [Times: user=0.44 sys=0.06, real=0.11 secs] 
2015-01-16T09:32:44.206+0800: 69718.922: [GC [PSYoungGen: 568501K->98287K(574464K)] 2515018K->2045472K(3987968K), 0.0882860 secs] [Times: user=0.43 sys=0.14, real=0.09 secs] 
2015-01-16T09:36:25.531+0800: 69940.247: [GC [PSYoungGen: 563695K->83413K(548864K)] 2510880K->2031259K(3962368K), 0.0575860 secs] [Times: user=0.46 sys=0.00, real=0.05 secs] 
2015-01-16T09:39:33.060+0800: 70127.775: [GC [PSYoungGen: 548821K->99895K(572416K)] 2496667K->2048873K(3985920K), 0.0707240 secs] [Times: user=0.57 sys=0.00, real=0.08 secs] 
2015-01-16T09:42:37.732+0800: 70312.447: [GC [PSYoungGen: 562743K->95768K(572928K)] 2511721K->2045397K(3986432K), 0.0577220 secs] [Times: user=0.42 sys=0.00, real=0.06 secs] 
2015-01-16T09:44:51.108+0800: 70445.824: [GC [PSYoungGen: 558616K->90124K(574976K)] 2508245K->2041177K(3988480K), 0.0635210 secs] [Times: user=0.54 sys=0.00, real=0.07 secs] 
2015-01-16T09:48:04.455+0800: 70639.171: [GC [PSYoungGen: 556556K->97767K(574464K)] 2507609K->2049544K(3987968K), 0.0614580 secs] [Times: user=0.42 sys=0.00, real=0.06 secs] 
2015-01-16T09:51:55.599+0800: 70870.315: [GC [PSYoungGen: 564199K->98378K(574976K)] 2515976K->2051204K(3988480K), 0.0664340 secs] [Times: user=0.56 sys=0.00, real=0.07 secs] 
2015-01-16T09:54:27.216+0800: 71021.931: [GC [PSYoungGen: 565322K->93707K(574976K)] 2518148K->2055655K(3988480K), 0.0563090 secs] [Times: user=0.41 sys=0.00, real=0.06 secs] 
2015-01-16T09:57:32.017+0800: 71206.733: [GC [PSYoungGen: 560651K->93399K(577024K)] 2522599K->2055997K(3990528K), 0.0690270 secs] [Times: user=0.42 sys=0.21, real=0.07 secs] 
2015-01-16T10:00:49.418+0800: 71404.134: [GC [PSYoungGen: 563415K->92478K(576000K)] 2526013K->2055771K(3989504K), 0.0682910 secs] [Times: user=0.50 sys=0.03, real=0.07 secs] 
2015-01-16T10:02:54.724+0800: 71529.439: [GC [PSYoungGen: 562494K->99868K(575488K)] 2525787K->2064156K(3988992K), 0.0651470 secs] [Times: user=0.46 sys=0.00, real=0.06 secs] 
2015-01-16T10:05:13.647+0800: 71668.363: [GC [PSYoungGen: 569884K->96171K(576512K)] 2534172K->2061019K(3990016K), 0.0672770 secs] [Times: user=0.56 sys=0.00, real=0.07 secs] 
2015-01-16T10:08:57.618+0800: 71892.334: [GC [PSYoungGen: 566187K->86243K(576512K)] 2531035K->2051766K(3990016K), 0.1013560 secs] [Times: user=0.51 sys=0.08, real=0.10 secs] 
2015-01-16T10:11:55.433+0800: 72070.148: [GC [PSYoungGen: 557283K->92263K(577024K)] 2522806K->2058327K(3990528K), 0.0822340 secs] [Times: user=0.44 sys=0.01, real=0.08 secs] 
2015-01-16T10:15:10.391+0800: 72265.107: [GC [PSYoungGen: 563303K->97629K(577536K)] 2529367K->2064371K(3991040K), 0.0660950 secs] [Times: user=0.42 sys=0.01, real=0.06 secs] 
2015-01-16T10:17:45.956+0800: 72420.672: [GC [PSYoungGen: 569693K->99643K(571904K)] 2536435K->2067032K(3985408K), 0.0730110 secs] [Times: user=0.56 sys=0.00, real=0.08 secs] 
2015-01-16T10:20:22.122+0800: 72576.838: [GC [PSYoungGen: 571707K->94414K(577536K)] 2539096K->2062826K(3991040K), 0.0580250 secs] [Times: user=0.42 sys=0.00, real=0.05 secs] 
2015-01-16T10:32:09.259+0800: 73283.975: [GC [PSYoungGen: 565454K->79469K(550912K)] 2533866K->2049991K(3964416K), 0.0514620 secs] [Times: user=0.38 sys=0.01, real=0.06 secs] 
2015-01-16T10:34:29.086+0800: 73423.802: [GC [PSYoungGen: 550509K->98224K(574976K)] 2521031K->2069616K(3988480K), 0.0663910 secs] [Times: user=0.54 sys=0.01, real=0.07 secs] 
2015-01-16T10:37:08.919+0800: 73583.635: [GC [PSYoungGen: 566192K->100928K(569344K)] 2537584K->2073069K(3982848K), 0.0638530 secs] [Times: user=0.43 sys=0.00, real=0.07 secs] 
2015-01-16T10:40:13.368+0800: 73768.084: [GC [PSYoungGen: 568896K->93638K(575488K)] 2541037K->2066394K(3988992K), 0.0632520 secs] [Times: user=0.56 sys=0.01, real=0.07 secs] 
2015-01-16T10:43:08.149+0800: 73942.865: [GC [PSYoungGen: 560582K->93031K(574464K)] 2533338K->2066314K(3987968K), 0.0717440 secs] [Times: user=0.47 sys=0.19, real=0.07 secs] 
2015-01-16T10:46:12.740+0800: 74127.456: [GC [PSYoungGen: 559975K->90205K(577024K)] 2533258K->2064285K(3990528K), 0.0608270 secs] [Times: user=0.46 sys=0.00, real=0.06 secs] 
2015-01-16T10:48:50.102+0800: 74284.817: [GC [PSYoungGen: 560733K->97163K(576512K)] 2534813K->2071979K(3990016K), 0.0659120 secs] [Times: user=0.54 sys=0.01, real=0.06 secs] 
2015-01-16T10:51:25.962+0800: 74440.678: [GC [PSYoungGen: 567691K->98194K(576000K)] 2542507K->2075159K(3989504K), 0.0719500 secs] [Times: user=0.52 sys=0.01, real=0.07 secs] 
2015-01-16T10:54:51.606+0800: 74646.322: [GC [PSYoungGen: 568210K->99018K(569344K)] 2545175K->2076580K(3982848K), 0.0649340 secs] [Times: user=0.52 sys=0.01, real=0.07 secs] 
2015-01-16T10:58:08.689+0800: 74843.404: [GC [PSYoungGen: 569034K->96670K(577024K)] 2546596K->2074957K(3990528K), 0.0603940 secs] [Times: user=0.41 sys=0.00, real=0.07 secs] 
2015-01-16T11:01:03.914+0800: 75018.629: [GC [PSYoungGen: 566686K->94992K(576000K)] 2544973K->2074038K(3989504K), 0.0594030 secs] [Times: user=0.42 sys=0.02, real=0.06 secs] 
2015-01-16T11:03:54.545+0800: 75189.261: [GC [PSYoungGen: 565008K->92467K(578560K)] 2544054K->2072195K(3992064K), 0.0603550 secs] [Times: user=0.42 sys=0.00, real=0.06 secs] 
2015-01-16T11:06:54.370+0800: 75369.086: [GC [PSYoungGen: 566067K->93950K(578048K)] 2545795K->2074284K(3991552K), 0.0693340 secs] [Times: user=0.66 sys=0.02, real=0.06 secs] 
2015-01-16T11:09:46.491+0800: 75541.207: [GC [PSYoungGen: 567550K->89623K(579072K)] 2547884K->2071398K(3992576K), 0.0632470 secs] [Times: user=0.43 sys=0.09, real=0.06 secs] 
2015-01-16T11:12:04.963+0800: 75679.678: [GC [PSYoungGen: 564759K->99128K(574464K)] 2546534K->2082015K(3987968K), 0.0666700 secs] [Times: user=0.36 sys=0.13, real=0.07 secs] 
2015-01-16T11:15:09.426+0800: 75864.142: [GC [PSYoungGen: 574264K->100900K(576000K)] 2557151K->2084387K(3989504K), 0.0707030 secs] [Times: user=0.55 sys=0.02, real=0.07 secs] 
2015-01-16T11:18:21.273+0800: 76055.989: [GC [PSYoungGen: 571940K->98759K(569856K)] 2555427K->2084234K(3983360K), 0.0714960 secs] [Times: user=0.49 sys=0.06, real=0.07 secs] 
2015-01-16T11:21:19.427+0800: 76234.143: [GC [PSYoungGen: 569799K->92120K(577024K)] 2555274K->2078310K(3990528K), 0.0607600 secs] [Times: user=0.35 sys=0.07, real=0.06 secs] 
2015-01-16T11:24:09.123+0800: 76403.839: [GC [PSYoungGen: 562648K->96490K(576512K)] 2548838K->2083370K(3990016K), 0.0643600 secs] [Times: user=0.56 sys=0.00, real=0.06 secs] 
2015-01-16T11:26:51.261+0800: 76565.977: [GC [PSYoungGen: 567018K->92865K(578048K)] 2553898K->2085943K(3991552K), 0.0586290 secs] [Times: user=0.42 sys=0.00, real=0.05 secs] 
2015-01-16T11:29:43.218+0800: 76737.934: [GC [PSYoungGen: 565441K->91366K(577536K)] 2558519K->2085308K(3991040K), 0.0638110 secs] [Times: user=0.47 sys=0.04, real=0.07 secs] 
2015-01-16T11:31:55.372+0800: 76870.088: [GC [PSYoungGen: 563942K->97575K(578560K)] 2557884K->2092155K(3992064K), 0.0766690 secs] [Times: user=0.68 sys=0.12, real=0.08 secs] 
2015-01-16T11:34:51.128+0800: 77045.843: [GC [PSYoungGen: 571687K->96720K(578560K)] 2566267K->2091973K(3992064K), 0.1151450 secs] [Times: user=1.26 sys=0.15, real=0.12 secs] 
2015-01-16T11:37:40.292+0800: 77215.007: [GC [PSYoungGen: 570832K->92491K(579072K)] 2566085K->2088414K(3992576K), 0.0671280 secs] [Times: user=0.56 sys=0.00, real=0.06 secs] 
2015-01-16T11:39:46.097+0800: 77340.813: [GC [PSYoungGen: 567115K->98466K(578560K)] 2563038K->2095393K(3992064K), 0.0755260 secs] [Times: user=0.57 sys=0.01, real=0.08 secs] 
2015-01-16T11:42:45.267+0800: 77519.983: [GC [PSYoungGen: 573090K->92308K(579072K)] 2570017K->2089793K(3992576K), 0.0743690 secs] [Times: user=0.49 sys=0.08, real=0.08 secs] 
2015-01-16T11:45:12.742+0800: 77667.457: [GC [PSYoungGen: 566932K->103914K(578560K)] 2564417K->2103627K(3992064K), 0.0870030 secs] [Times: user=0.84 sys=0.02, real=0.08 secs] 
2015-01-16T11:48:26.525+0800: 77861.241: [GC [PSYoungGen: 578538K->91660K(573440K)] 2578251K->2092345K(3986944K), 0.0722070 secs] [Times: user=0.55 sys=0.02, real=0.07 secs] 
2015-01-16T11:50:52.182+0800: 78006.898: [GC [PSYoungGen: 560652K->87560K(576000K)] 2561337K->2090476K(3989504K), 0.0765630 secs] [Times: user=0.42 sys=0.08, real=0.07 secs] 
2015-01-16T11:53:01.102+0800: 78135.818: [GC [PSYoungGen: 556552K->99306K(574976K)] 2559468K->2103413K(3988480K), 0.0849520 secs] [Times: user=0.52 sys=0.18, real=0.08 secs] 
2015-01-16T11:55:10.482+0800: 78265.197: [GC [PSYoungGen: 567274K->103437K(571904K)] 2571381K->2108243K(3985408K), 0.0723630 secs] [Times: user=0.57 sys=0.00, real=0.07 secs] 
2015-01-16T11:58:46.988+0800: 78481.704: [GC [PSYoungGen: 571405K->91246K(573952K)] 2576211K->2097292K(3987456K), 0.0731990 secs] [Times: user=0.57 sys=0.00, real=0.08 secs] 
2015-01-16T12:01:32.352+0800: 78647.067: [GC [PSYoungGen: 555630K->96504K(573440K)] 2561676K->2103398K(3986944K), 0.1202040 secs] [Times: user=0.48 sys=0.05, real=0.12 secs] 
2015-01-16T12:04:17.660+0800: 78812.375: [GC [PSYoungGen: 560888K->96576K(576000K)] 2567782K->2105079K(3989504K), 0.0762660 secs] [Times: user=0.54 sys=0.03, real=0.08 secs] 
2015-01-16T12:07:21.248+0800: 78995.964: [GC [PSYoungGen: 564544K->101597K(574976K)] 2573047K->2111565K(3988480K), 0.0760130 secs] [Times: user=0.55 sys=0.00, real=0.08 secs] 
2015-01-16T12:10:04.699+0800: 79159.415: [GC [PSYoungGen: 569565K->104468K(570880K)] 2579533K->2115035K(3984384K), 0.0686460 secs] [Times: user=0.43 sys=0.00, real=0.07 secs] 
2015-01-16T12:12:58.882+0800: 79333.598: [GC [PSYoungGen: 567316K->92559K(572928K)] 2577883K->2103639K(3986432K), 0.0648020 secs] [Times: user=0.57 sys=0.00, real=0.06 secs] 
2015-01-16T12:16:27.354+0800: 79542.069: [GC [PSYoungGen: 555407K->96558K(574976K)] 2566487K->2108559K(3988480K), 0.0695700 secs] [Times: user=0.39 sys=0.04, real=0.07 secs] 
2015-01-16T12:19:36.437+0800: 79731.153: [GC [PSYoungGen: 561966K->101989K(573440K)] 2573967K->2114654K(3986944K), 0.0683890 secs] [Times: user=0.55 sys=0.01, real=0.07 secs] 
2015-01-16T12:22:29.088+0800: 79903.804: [GC [PSYoungGen: 567397K->90371K(573952K)] 2580062K->2104556K(3987456K), 0.0888590 secs] [Times: user=0.93 sys=0.00, real=0.09 secs] 
2015-01-16T12:25:27.925+0800: 80082.640: [GC [PSYoungGen: 555267K->92332K(573952K)] 2569452K->2107541K(3987456K), 0.0757590 secs] [Times: user=0.68 sys=0.00, real=0.07 secs] 
2015-01-16T12:27:36.236+0800: 80210.951: [GC [PSYoungGen: 557228K->91527K(574976K)] 2572437K->2107381K(3988480K), 0.0748540 secs] [Times: user=0.51 sys=0.21, real=0.08 secs] 
2015-01-16T12:30:10.418+0800: 80365.133: [GC [PSYoungGen: 557959K->91788K(574464K)] 2573813K->2108567K(3987968K), 0.0775880 secs] [Times: user=0.58 sys=0.18, real=0.08 secs] 
2015-01-16T12:33:17.344+0800: 80552.059: [GC [PSYoungGen: 558220K->95499K(576512K)] 2574999K->2113959K(3990016K), 0.0692180 secs] [Times: user=0.49 sys=0.06, real=0.07 secs] 
2015-01-16T12:36:02.183+0800: 80716.899: [GC [PSYoungGen: 564491K->95052K(575488K)] 2582951K->2115358K(3988992K), 0.0708830 secs] [Times: user=0.57 sys=0.00, real=0.07 secs] 
2015-01-16T12:38:18.783+0800: 80853.498: [GC [PSYoungGen: 564044K->98236K(577536K)] 2584350K->2120135K(3991040K), 0.0596890 secs] [Times: user=0.45 sys=0.00, real=0.06 secs] 
2015-01-16T12:41:03.751+0800: 81018.467: [GC [PSYoungGen: 570300K->101383K(573952K)] 2592199K->2124190K(3987456K), 0.0689120 secs] [Times: user=0.57 sys=0.00, real=0.06 secs] 
2015-01-16T12:43:49.943+0800: 81184.658: [GC [PSYoungGen: 573447K->99589K(575488K)] 2596254K->2123106K(3988992K), 0.0590990 secs] [Times: user=0.42 sys=0.00, real=0.06 secs] 
2015-01-16T12:46:30.092+0800: 81344.808: [GC [PSYoungGen: 568581K->96080K(576000K)] 2592098K->2120397K(3989504K), 0.0690820 secs] [Times: user=0.56 sys=0.00, real=0.07 secs] 
2015-01-16T12:49:32.818+0800: 81527.533: [GC [PSYoungGen: 565072K->96007K(578048K)] 2589389K->2120982K(3991552K), 0.0728290 secs] [Times: user=0.44 sys=0.06, real=0.08 secs] 
2015-01-16T12:52:09.312+0800: 81684.028: [GC [PSYoungGen: 568071K->99407K(577024K)] 2593046K->2125068K(3990528K), 0.0726150 secs] [Times: user=0.56 sys=0.00, real=0.07 secs] 
2015-01-16T12:54:51.286+0800: 81846.002: [GC [PSYoungGen: 571471K->101041K(576512K)] 2597132K->2127560K(3990016K), 0.0676330 secs] [Times: user=0.40 sys=0.00, real=0.07 secs] 
2015-01-16T12:58:03.070+0800: 82037.786: [GC [PSYoungGen: 572081K->96855K(577024K)] 2598600K->2124013K(3990528K), 0.0665540 secs] [Times: user=0.46 sys=0.06, real=0.06 secs] 
2015-01-16T13:01:09.954+0800: 82224.670: [GC [PSYoungGen: 567895K->91112K(577536K)] 2595053K->2120411K(3991040K), 0.0833430 secs] [Times: user=0.56 sys=0.13, real=0.08 secs] 
2015-01-16T13:03:49.462+0800: 82384.178: [GC [PSYoungGen: 563176K->98307K(577536K)] 2592475K->2128450K(3991040K), 0.0604200 secs] [Times: user=0.38 sys=0.05, real=0.06 secs] 
2015-01-16T13:07:07.757+0800: 82582.473: [GC [PSYoungGen: 570371K->105306K(573440K)] 2600514K->2136013K(3986944K), 0.0799430 secs] [Times: user=0.52 sys=0.06, real=0.08 secs] 
2015-01-16T13:09:56.458+0800: 82751.174: [GC [PSYoungGen: 573274K->98372K(575488K)] 2603981K->2129879K(3988992K), 0.0683570 secs] [Times: user=0.56 sys=0.00, real=0.07 secs] 
2015-01-16T13:12:50.907+0800: 82925.623: [GC [PSYoungGen: 566340K->97870K(577024K)] 2597847K->2130055K(3990528K), 0.0754700 secs] [Times: user=0.56 sys=0.01, real=0.08 secs] 
2015-01-16T13:15:40.165+0800: 83094.881: [GC [PSYoungGen: 567886K->94555K(576000K)] 2600071K->2127486K(3989504K), 0.0659110 secs] [Times: user=0.56 sys=0.01, real=0.07 secs] 
2015-01-16T13:18:05.169+0800: 83239.885: [GC [PSYoungGen: 564571K->97626K(578048K)] 2597502K->2131109K(3991552K), 0.0636040 secs] [Times: user=0.35 sys=0.08, real=0.06 secs] 
2015-01-16T13:20:49.307+0800: 83404.023: [GC [PSYoungGen: 569690K->100138K(577024K)] 2603173K->2134204K(3990528K), 0.0693880 secs] [Times: user=0.56 sys=0.00, real=0.07 secs] 
2015-01-16T13:23:16.661+0800: 83551.377: [GC [PSYoungGen: 572202K->100381K(577536K)] 2606268K->2135577K(3991040K), 0.0789500 secs] [Times: user=0.60 sys=0.10, real=0.08 secs] 
2015-01-16T13:25:19.692+0800: 83674.408: [GC [PSYoungGen: 572445K->98148K(577536K)] 2607641K->2134599K(3991040K), 0.0900090 secs] [Times: user=0.65 sys=0.16, real=0.09 secs] 
2015-01-16T13:28:32.463+0800: 83867.178: [GC [PSYoungGen: 570212K->97754K(578560K)] 2606663K->2135326K(3992064K), 0.0692480 secs] [Times: user=0.44 sys=0.00, real=0.07 secs] 
2015-01-16T13:31:17.642+0800: 84032.357: [GC [PSYoungGen: 571354K->104431K(578048K)] 2608926K->2145153K(3991552K), 0.0781900 secs] [Times: user=0.56 sys=0.02, real=0.07 secs] 
2015-01-16T13:34:21.965+0800: 84216.680: [GC [PSYoungGen: 578031K->95776K(573952K)] 2618753K->2137578K(3987456K), 0.1246950 secs] [Times: user=0.36 sys=0.12, real=0.13 secs] 
2015-01-16T13:37:14.728+0800: 84389.444: [GC [PSYoungGen: 564768K->98179K(576000K)] 2606570K->2140733K(3989504K), 0.0627210 secs] [Times: user=0.41 sys=0.01, real=0.07 secs] 
2015-01-16T13:40:14.665+0800: 84569.381: [GC [PSYoungGen: 567171K->97302K(577024K)] 2609725K->2140583K(3990528K), 0.0673690 secs] [Times: user=0.53 sys=0.00, real=0.07 secs] 
2015-01-16T13:43:29.044+0800: 84763.759: [GC [PSYoungGen: 567830K->95646K(576512K)] 2611111K->2139875K(3990016K), 0.0666900 secs] [Times: user=0.46 sys=0.00, real=0.07 secs] 
2015-01-16T13:46:20.267+0800: 84934.983: [GC [PSYoungGen: 566174K->93341K(577536K)] 2610403K->2138301K(3991040K), 0.0584500 secs] [Times: user=0.42 sys=0.00, real=0.06 secs] 
2015-01-16T13:49:16.961+0800: 85111.677: [GC [PSYoungGen: 565405K->93253K(577536K)] 2610365K->2138835K(3991040K), 0.0637950 secs] [Times: user=0.42 sys=0.00, real=0.06 secs] 
2015-01-16T13:52:30.327+0800: 85305.042: [GC [PSYoungGen: 565317K->96764K(578048K)] 2610899K->2143498K(3991552K), 0.0774880 secs] [Times: user=0.72 sys=0.09, real=0.08 secs] 
2015-01-16T13:55:25.801+0800: 85480.517: [GC [PSYoungGen: 569340K->90848K(577536K)] 2616074K->2138195K(3991040K), 0.0748350 secs] [Times: user=0.51 sys=0.13, real=0.07 secs] 
2015-01-16T13:58:23.437+0800: 85658.153: [GC [PSYoungGen: 563424K->92740K(578048K)] 2610771K->2140978K(3991552K), 0.0582680 secs] [Times: user=0.35 sys=0.07, real=0.06 secs] 
2015-01-16T14:01:52.485+0800: 85867.200: [GC [PSYoungGen: 565828K->94831K(578048K)] 2614066K->2145124K(3991552K), 0.0737940 secs] [Times: user=0.56 sys=0.08, real=0.07 secs] 
2015-01-16T14:04:40.097+0800: 86034.812: [GC [PSYoungGen: 567919K->94103K(579072K)] 2618212K->2145167K(3992576K), 0.0666350 secs] [Times: user=0.42 sys=0.00, real=0.07 secs] 
2015-01-16T14:07:59.474+0800: 86234.190: [GC [PSYoungGen: 568727K->100458K(575488K)] 2619791K->2152448K(3988992K), 0.0643640 secs] [Times: user=0.42 sys=0.02, real=0.06 secs] 
2015-01-16T14:10:43.944+0800: 86398.660: [GC [PSYoungGen: 575082K->100492K(577024K)] 2627072K->2153200K(3990528K), 0.0636750 secs] [Times: user=0.43 sys=0.00, real=0.06 secs] 
2015-01-16T14:13:11.793+0800: 86546.508: [GC [PSYoungGen: 572556K->94165K(577536K)] 2625264K->2147691K(3991040K), 0.0567070 secs] [Times: user=0.41 sys=0.00, real=0.06 secs] 
2015-01-16T14:16:01.841+0800: 86716.557: [GC [PSYoungGen: 566229K->94798K(578560K)] 2619755K->2148837K(3992064K), 0.0611480 secs] [Times: user=0.40 sys=0.01, real=0.06 secs] 
2015-01-16T14:19:19.045+0800: 86913.761: [GC [PSYoungGen: 568398K->99282K(578048K)] 2622437K->2154039K(3991552K), 0.0686270 secs] [Times: user=0.57 sys=0.01, real=0.07 secs] 
2015-01-16T14:22:35.257+0800: 87109.972: [GC [PSYoungGen: 572882K->96228K(579072K)] 2627639K->2152353K(3992576K), 0.0783190 secs] [Times: user=0.61 sys=0.23, real=0.08 secs] 
2015-01-16T14:25:31.674+0800: 87286.390: [GC [PSYoungGen: 570340K->95183K(578048K)] 2626465K->2152341K(3991552K), 0.0736130 secs] [Times: user=0.58 sys=0.04, real=0.07 secs] 
2015-01-16T14:28:26.717+0800: 87461.433: [GC [PSYoungGen: 569295K->99311K(578560K)] 2626453K->2158622K(3992064K), 0.0694520 secs] [Times: user=0.40 sys=0.06, real=0.07 secs] 
2015-01-16T14:30:52.454+0800: 87607.170: [GC [PSYoungGen: 574447K->94591K(579072K)] 2633758K->2154963K(3992576K), 0.0607140 secs] [Times: user=0.42 sys=0.00, real=0.06 secs] 
2015-01-16T14:34:00.510+0800: 87795.225: [GC [PSYoungGen: 569727K->97142K(579584K)] 2630099K->2158320K(3993088K), 0.0602250 secs] [Times: user=0.42 sys=0.01, real=0.06 secs] 
2015-01-16T14:36:54.365+0800: 87969.081: [GC [PSYoungGen: 573302K->99306K(579584K)] 2634480K->2161235K(3993088K), 0.0659060 secs] [Times: user=0.54 sys=0.01, real=0.07 secs] 
2015-01-16T14:40:08.455+0800: 88163.171: [GC [PSYoungGen: 575466K->101505K(577536K)] 2637395K->2164904K(3991040K), 0.0671140 secs] [Times: user=0.55 sys=0.00, real=0.07 secs] 
2015-01-16T14:43:04.767+0800: 88339.483: [GC [PSYoungGen: 575617K->96860K(578560K)] 2639016K->2160972K(3992064K), 0.0683570 secs] [Times: user=0.42 sys=0.00, real=0.07 secs] 
2015-01-16T14:45:56.146+0800: 88510.861: [GC [PSYoungGen: 570972K->93883K(579072K)] 2635084K->2166765K(3992576K), 0.0647230 secs] [Times: user=0.43 sys=0.01, real=0.07 secs] 
2015-01-16T14:47:37.357+0800: 88612.073: [GC [PSYoungGen: 569019K->93456K(579072K)] 2641901K->2167265K(3992576K), 0.0644940 secs] [Times: user=0.45 sys=0.12, real=0.07 secs] 
2015-01-16T14:49:51.863+0800: 88746.579: [GC [PSYoungGen: 568592K->95022K(579584K)] 2642401K->2170528K(3993088K), 0.0743220 secs] [Times: user=0.57 sys=0.09, real=0.07 secs] 
2015-01-16T14:52:36.615+0800: 88911.330: [GC [PSYoungGen: 570670K->101086K(577024K)] 2646176K->2177213K(3990528K), 0.0801990 secs] [Times: user=0.38 sys=0.13, real=0.08 secs] 
2015-01-16T14:55:18.911+0800: 89073.627: [GC [PSYoungGen: 576734K->96870K(579072K)] 2652861K->2173986K(3992576K), 0.0734450 secs] [Times: user=0.49 sys=0.06, real=0.07 secs] 
2015-01-16T14:58:43.191+0800: 89277.907: [GC [PSYoungGen: 571494K->97995K(578560K)] 2648610K->2176058K(3992064K), 0.0638020 secs] [Times: user=0.43 sys=0.00, real=0.06 secs] 
2015-01-16T15:02:06.539+0800: 89481.255: [GC [PSYoungGen: 572619K->94347K(579584K)] 2650682K->2173305K(3993088K), 0.0667890 secs] [Times: user=0.56 sys=0.00, real=0.07 secs] 
2015-01-16T15:04:36.824+0800: 89631.540: [GC [PSYoungGen: 570507K->97851K(579584K)] 2649465K->2177467K(3993088K), 0.0711050 secs] [Times: user=0.54 sys=0.00, real=0.07 secs] 
2015-01-16T15:07:46.399+0800: 89821.114: [GC [PSYoungGen: 574011K->94371K(580096K)] 2653627K->2174614K(3993600K), 0.0672540 secs] [Times: user=0.43 sys=0.00, real=0.07 secs] 
2015-01-16T15:10:24.925+0800: 89979.641: [GC [PSYoungGen: 571555K->102891K(580096K)] 2651798K->2188265K(3993600K), 0.0750030 secs] [Times: user=0.46 sys=0.10, real=0.07 secs] 
2015-01-16T15:13:18.884+0800: 90153.600: [GC [PSYoungGen: 580075K->93450K(572928K)] 2665449K->2179565K(3986432K), 0.0667490 secs] [Times: user=0.54 sys=0.00, real=0.07 secs] 
2015-01-16T15:16:04.223+0800: 90318.939: [GC [PSYoungGen: 563466K->94969K(576512K)] 2649581K->2181695K(3990016K), 0.0632180 secs] [Times: user=0.43 sys=0.00, real=0.06 secs] 
2015-01-16T15:18:32.391+0800: 90467.107: [GC [PSYoungGen: 564985K->105972K(569856K)] 2651711K->2195751K(3983360K), 0.0665100 secs] [Times: user=0.43 sys=0.00, real=0.06 secs] 
2015-01-16T15:20:59.043+0800: 90613.758: [GC [PSYoungGen: 569844K->109562K(562688K)] 2659623K->2223797K(3976192K), 0.0941640 secs] [Times: user=0.35 sys=0.27, real=0.09 secs] 
2015-01-16T15:23:37.638+0800: 90772.353: [GC [PSYoungGen: 562682K->94312K(550912K)] 2676917K->2211575K(3964416K), 0.0740330 secs] [Times: user=0.58 sys=0.01, real=0.08 secs] 
2015-01-16T15:26:25.074+0800: 90939.790: [GC [PSYoungGen: 535656K->89382K(562176K)] 2652919K->2208465K(3975680K), 0.1025540 secs] [Times: user=0.56 sys=0.04, real=0.10 secs] 
2015-01-16T15:29:34.524+0800: 91129.239: [GC [PSYoungGen: 530726K->84962K(561152K)] 2649809K->2204976K(3974656K), 0.1013430 secs] [Times: user=0.29 sys=0.20, real=0.10 secs] 
2015-01-16T15:32:30.550+0800: 91305.266: [GC [PSYoungGen: 525282K->88592K(561664K)] 2645296K->2209363K(3975168K), 0.0560100 secs] [Times: user=0.41 sys=0.01, real=0.05 secs] 
2015-01-16T15:34:38.964+0800: 91433.680: [GC [PSYoungGen: 528912K->90114K(563200K)] 2649683K->2211478K(3976704K), 0.0669010 secs] [Times: user=0.56 sys=0.00, real=0.07 secs] 
2015-01-16T15:36:54.574+0800: 91569.290: [GC [PSYoungGen: 532482K->87225K(562176K)] 2653846K->2209149K(3975680K), 0.0594700 secs] [Times: user=0.55 sys=0.00, real=0.06 secs] 
2015-01-16T15:39:26.260+0800: 91720.976: [GC [PSYoungGen: 529593K->93607K(565760K)] 2651517K->2216042K(3979264K), 0.0684170 secs] [Times: user=0.57 sys=0.00, real=0.07 secs] 
2015-01-16T15:42:21.191+0800: 91895.907: [GC [PSYoungGen: 540071K->89836K(563712K)] 2662506K->2213100K(3977216K), 0.0584150 secs] [Times: user=0.42 sys=0.00, real=0.06 secs] 
2015-01-16T15:44:48.448+0800: 92043.163: [GC [PSYoungGen: 536300K->87506K(567808K)] 2659564K->2212822K(3981312K), 0.0643160 secs] [Times: user=0.53 sys=0.10, real=0.07 secs] 
2015-01-16T15:48:00.686+0800: 92235.402: [GC [PSYoungGen: 539090K->93450K(566784K)] 2664406K->2219432K(3980288K), 0.0785360 secs] [Times: user=0.53 sys=0.10, real=0.08 secs] 
2015-01-16T15:49:20.419+0800: 92315.135: [GC [PSYoungGen: 545034K->94987K(571392K)] 2671016K->2221631K(3984896K), 0.0927950 secs] [Times: user=0.42 sys=0.06, real=0.10 secs] 
2015-01-16T15:51:49.933+0800: 92464.649: [GC [PSYoungGen: 553227K->94769K(569856K)] 2679871K->2222248K(3983360K), 0.0874190 secs] [Times: user=0.54 sys=0.12, real=0.08 secs] 
2015-01-16T15:54:47.542+0800: 92642.258: [GC [PSYoungGen: 553009K->96982K(573440K)] 2680488K->2232543K(3986944K), 0.0742290 secs] [Times: user=0.54 sys=0.02, real=0.07 secs] 
2015-01-16T15:57:44.161+0800: 92818.876: [GC [PSYoungGen: 560342K->103192K(566784K)] 2695903K->2239869K(3980288K), 0.0725080 secs] [Times: user=0.56 sys=0.01, real=0.08 secs] 
2015-01-16T16:01:02.953+0800: 93017.668: [GC [PSYoungGen: 566552K->92638K(572928K)] 2703229K->2230096K(3986432K), 0.0676020 secs] [Times: user=0.56 sys=0.01, real=0.06 secs] 
2015-01-16T16:03:31.008+0800: 93165.724: [GC [PSYoungGen: 554462K->96779K(571904K)] 2691920K->2235496K(3985408K), 0.0637710 secs] [Times: user=0.55 sys=0.01, real=0.07 secs] 
2015-01-16T16:06:45.093+0800: 93359.808: [GC [PSYoungGen: 558603K->87795K(573952K)] 2697320K->2228329K(3987456K), 0.0626120 secs] [Times: user=0.42 sys=0.06, real=0.06 secs] 
2015-01-16T16:09:37.860+0800: 93532.575: [GC [PSYoungGen: 552179K->97532K(573440K)] 2692713K->2238761K(3986944K), 0.0631890 secs] [Times: user=0.46 sys=0.00, real=0.07 secs] 
2015-01-16T16:12:20.346+0800: 93695.062: [GC [PSYoungGen: 561916K->90095K(574464K)] 2703145K->2232205K(3987968K), 0.0685610 secs] [Times: user=0.56 sys=0.09, real=0.07 secs] 
2015-01-16T16:15:08.545+0800: 93863.261: [GC [PSYoungGen: 555503K->97579K(573952K)] 2697613K->2240765K(3987456K), 0.0719750 secs] [Times: user=0.55 sys=0.11, real=0.07 secs] 
2015-01-16T16:17:37.865+0800: 94012.581: [GC [PSYoungGen: 562987K->93049K(576000K)] 2706173K->2236915K(3989504K), 0.0594600 secs] [Times: user=0.50 sys=0.00, real=0.06 secs] 
